PS D:\Web APPs\phenomeny-ecommerce> curl https://cursor.com/install -fsS | bash
Invoke-WebRequest : A parameter cannot be found that 
matches parameter name 'fsS'.
At line:1 char:33
+ curl https://cursor.com/install -fsS | bash
+                                 ~~~~
    + CategoryInfo          : InvalidArgument: (:) [Invoke  
   -WebRequest], ParameterBindingException
    + FullyQualifiedErrorId : NamedParameterNotFound,Micro  
   soft.PowerShell.Commands.InvokeWebRequestCommand
PS D:\Web APPs\phenomeny-ecommerce> cd /path/to/your/project

cd : Cannot find path 'D:\path\to\your\project' because it  
does not exist.
At line:1 char:1
+ cd /path/to/your/project
+ ~~~~~~~~~~~~~~~~~~~~~~~~
    + CategoryInfo          : ObjectNotFound: (D:\path\to\  
   your\project:String) [Set-Location], ItemNotFoundExcep   
  tion
    + FullyQualifiedErrorId : PathNotFound,Microsoft.Power  
   Shell.Commands.SetLocationCommand
 
PS D:\Web APPs\phenomeny-ecommerce> git init
Reinitialized existing Git repository in D:/Web APPs/phenomeny-ecommerce/.git/
PS D:\Web APPs\phenomeny-ecommerce> git add .
warning: in the working copy of 'app/(store)/about/page.tsx', LF will be replaced by CRLF the next time Git touches it  
warning: in the working copy of 'app/(store)/checkout/page.tsx', LF will be replaced by CRLF the next time Git touches it
warning: in the working copy of 'app/(store)/privacy-policy/page.tsx', LF will be replaced by CRLF the next time Git touches it
warning: in the working copy of 'app/(store)/terms/page.tsx', LF will be replaced by CRLF the next time Git touches it  
warning: in the working copy of 'app/admin/orders/[id]/page.tsx', LF will be replaced by CRLF the next time Git touches 
it
warning: in the working copy of 'app/admin/products/page.tsx', LF will be replaced by CRLF the next time Git touches it 
warning: in the working copy of 'app/api/admin/products/[id]uches it
warning: in the working copy of 'app/api/orders/create/route.ts', LF will be replaced by CRLF the next time Git touches 
warning: in the working copy of 'app/api/payments/payu/initi touches it
 replaced by CRLF the next time Git touches it
warning: in the working copy of 'configs/nauvarah.config.ts', LF will be replaced by CRLF the next time Git touches it  
warning: in the working copy of 'lib/payu.ts', LF will be replaced by CRLF the next time Git touches it
warning: in the working copy of 'setup.ps1', LF will be replaced by CRLF the next time Git touches it
PS D:\Web APPs\phenomeny-ecommerce> git commit -m "Initial commit"
[main b9e1936] Initial commit
 3 files changed, 66 insertions(+), 5 deletions(-)
 create mode 100644 app/(store)/order-success/[id]/route.ts 
PS D:\Web APPs\phenomeny-ecommerce> git branch -M main      
error: remote origin already exists.
PS D:\Web APPs\phenomeny-ecommerce> git push -u origin main 
Enumerating objects: 26, done.
Counting objects: 100% (26/26), done.
Delta compression using up to 4 threads
Compressing objects: 100% (11/11), done.
Writing objects: 100% (14/14), 1.84 KiB | 472.00 KiB/s, done.
Total 14 (delta 7), reused 0 (delta 0), pack-reused 0 (from 
0)
remote: Resolving deltas: 100% (7/7), completed with 7 localTo https://github.com/Pddtreview/phenomeny-ecommerce.git    
   770e4cb..b9e1936  main -> main
PS D:\Web APPs\phenomeny-ecommerce> cd /path/to/your/project
cd : Cannot find path 'D:\path\to\your\project' because it  
does not exist.
At line:1 char:1
+ cd /path/to/your/project
    + CategoryInfo          : ObjectNotFound: (D:\path\to\  
  tion
   Shell.Commands.SetLocationCommand
 
PS D:\Web APPs\phenomeny-ecommerce> git init
Reinitialized existing Git repository in D:/Web APPs/phenomeny-ecommerce/.git/
PS D:\Web APPs\phenomeny-ecommerce> git add .
PS D:\Web APPs\phenomeny-ecommerce> git commit -m "Initial commit"
On branch main
Your branch is up to date with 'origin/main'.

nothing to commit, working tree clean
PS D:\Web APPs\phenomeny-ecommerce> git branch -M main      
PS D:\Web APPs\phenomeny-ecommerce> git remote add origin https://github.com/YOUR-USERNAME/YOUR-REPO.git
error: remote origin already exists.
PS D:\Web APPs\phenomeny-ecommerce> git push -u origin main 
branch 'main' set up to track 'origin/main'.
Everything up-to-date
PS D:\Web APPs\phenomeny-ecommerce> 